Traceback (most recent call last):
  File "/usr/local/python/3.12.1/lib/python3.12/site-packages/jupyter_cache/executors/utils.py", line 58, in single_nb_execution
    executenb(
  File "/usr/local/python/3.12.1/lib/python3.12/site-packages/nbclient/client.py", line 1305, in execute
    return NotebookClient(nb=nb, resources=resources, km=km, **kwargs).execute()
           ^^^^^^^^^^^^^^^^^^^^^^^^^^^^^^^^^^^^^^^^^^^^^^^^^^^^^^^^^^^^^^^^^^^^^
  File "/home/codespace/.local/lib/python3.12/site-packages/jupyter_core/utils/__init__.py", line 165, in wrapped
    return loop.run_until_complete(inner)
           ^^^^^^^^^^^^^^^^^^^^^^^^^^^^^^
  File "/usr/local/python/3.12.1/lib/python3.12/asyncio/base_events.py", line 684, in run_until_complete
    return future.result()
           ^^^^^^^^^^^^^^^
  File "/usr/local/python/3.12.1/lib/python3.12/site-packages/nbclient/client.py", line 705, in async_execute
    await self.async_execute_cell(
  File "/usr/local/python/3.12.1/lib/python3.12/site-packages/nbclient/client.py", line 1058, in async_execute_cell
    await self._check_raise_for_error(cell, cell_index, exec_reply)
  File "/usr/local/python/3.12.1/lib/python3.12/site-packages/nbclient/client.py", line 914, in _check_raise_for_error
    raise CellExecutionError.from_cell_and_msg(cell, exec_reply_content)
nbclient.exceptions.CellExecutionError: An error occurred while executing the following cell:
------------------
pta_df_wfq = pd.read_excel("pta_word_frequency.xlsx", engine='openpyxl')
pta_df_wfq.head(10)
------------------


[31m---------------------------------------------------------------------------[39m
[31mFileNotFoundError[39m                         Traceback (most recent call last)
[36mCell[39m[36m [39m[32mIn[3][39m[32m, line 1[39m
[32m----> [39m[32m1[39m pta_df_wfq = [43mpd[49m[43m.[49m[43mread_excel[49m[43m([49m[33;43m"[39;49m[33;43mpta_word_frequency.xlsx[39;49m[33;43m"[39;49m[43m,[49m[43m [49m[43mengine[49m[43m=[49m[33;43m'[39;49m[33;43mopenpyxl[39;49m[33;43m'[39;49m[43m)[49m
[32m      2[39m pta_df_wfq.head([32m10[39m)

[36mFile [39m[32m~/.local/lib/python3.12/site-packages/pandas/io/excel/_base.py:495[39m, in [36mread_excel[39m[34m(io, sheet_name, header, names, index_col, usecols, dtype, engine, converters, true_values, false_values, skiprows, nrows, na_values, keep_default_na, na_filter, verbose, parse_dates, date_parser, date_format, thousands, decimal, comment, skipfooter, storage_options, dtype_backend, engine_kwargs)[39m
[32m    493[39m [38;5;28;01mif[39;00m [38;5;129;01mnot[39;00m [38;5;28misinstance[39m(io, ExcelFile):
[32m    494[39m     should_close = [38;5;28;01mTrue[39;00m
[32m--> [39m[32m495[39m     io = [43mExcelFile[49m[43m([49m
[32m    496[39m [43m        [49m[43mio[49m[43m,[49m
[32m    497[39m [43m        [49m[43mstorage_options[49m[43m=[49m[43mstorage_options[49m[43m,[49m
[32m    498[39m [43m        [49m[43mengine[49m[43m=[49m[43mengine[49m[43m,[49m
[32m    499[39m [43m        [49m[43mengine_kwargs[49m[43m=[49m[43mengine_kwargs[49m[43m,[49m
[32m    500[39m [43m    [49m[43m)[49m
[32m    501[39m [38;5;28;01melif[39;00m engine [38;5;129;01mand[39;00m engine != io.engine:
[32m    502[39m     [38;5;28;01mraise[39;00m [38;5;167;01mValueError[39;00m(
[32m    503[39m         [33m"[39m[33mEngine should not be specified when passing [39m[33m"[39m
[32m    504[39m         [33m"[39m[33man ExcelFile - ExcelFile already has the engine set[39m[33m"[39m
[32m    505[39m     )

[36mFile [39m[32m~/.local/lib/python3.12/site-packages/pandas/io/excel/_base.py:1567[39m, in [36mExcelFile.__init__[39m[34m(self, path_or_buffer, engine, storage_options, engine_kwargs)[39m
[32m   1564[39m [38;5;28mself[39m.engine = engine
[32m   1565[39m [38;5;28mself[39m.storage_options = storage_options
[32m-> [39m[32m1567[39m [38;5;28mself[39m._reader = [38;5;28;43mself[39;49m[43m.[49m[43m_engines[49m[43m[[49m[43mengine[49m[43m][49m[43m([49m
[32m   1568[39m [43m    [49m[38;5;28;43mself[39;49m[43m.[49m[43m_io[49m[43m,[49m
[32m   1569[39m [43m    [49m[43mstorage_options[49m[43m=[49m[43mstorage_options[49m[43m,[49m
[32m   1570[39m [43m    [49m[43mengine_kwargs[49m[43m=[49m[43mengine_kwargs[49m[43m,[49m
[32m   1571[39m [43m[49m[43m)[49m

[36mFile [39m[32m~/.local/lib/python3.12/site-packages/pandas/io/excel/_openpyxl.py:553[39m, in [36mOpenpyxlReader.__init__[39m[34m(self, filepath_or_buffer, storage_options, engine_kwargs)[39m
[32m    541[39m [38;5;250m[39m[33;03m"""[39;00m
[32m    542[39m [33;03mReader using openpyxl engine.[39;00m
[32m    543[39m 
[32m   (...)[39m[32m    550[39m [33;03m    Arbitrary keyword arguments passed to excel engine.[39;00m
[32m    551[39m [33;03m"""[39;00m
[32m    552[39m import_optional_dependency([33m"[39m[33mopenpyxl[39m[33m"[39m)
[32m--> [39m[32m553[39m [38;5;28;43msuper[39;49m[43m([49m[43m)[49m[43m.[49m[34;43m__init__[39;49m[43m([49m
[32m    554[39m [43m    [49m[43mfilepath_or_buffer[49m[43m,[49m
[32m    555[39m [43m    [49m[43mstorage_options[49m[43m=[49m[43mstorage_options[49m[43m,[49m
[32m    556[39m [43m    [49m[43mengine_kwargs[49m[43m=[49m[43mengine_kwargs[49m[43m,[49m
[32m    557[39m [43m[49m[43m)[49m

[36mFile [39m[32m~/.local/lib/python3.12/site-packages/pandas/io/excel/_base.py:563[39m, in [36mBaseExcelReader.__init__[39m[34m(self, filepath_or_buffer, storage_options, engine_kwargs)[39m
[32m    559[39m [38;5;28mself[39m.handles = IOHandles(
[32m    560[39m     handle=filepath_or_buffer, compression={[33m"[39m[33mmethod[39m[33m"[39m: [38;5;28;01mNone[39;00m}
[32m    561[39m )
[32m    562[39m [38;5;28;01mif[39;00m [38;5;129;01mnot[39;00m [38;5;28misinstance[39m(filepath_or_buffer, (ExcelFile, [38;5;28mself[39m._workbook_class)):
[32m--> [39m[32m563[39m     [38;5;28mself[39m.handles = [43mget_handle[49m[43m([49m
[32m    564[39m [43m        [49m[43mfilepath_or_buffer[49m[43m,[49m[43m [49m[33;43m"[39;49m[33;43mrb[39;49m[33;43m"[39;49m[43m,[49m[43m [49m[43mstorage_options[49m[43m=[49m[43mstorage_options[49m[43m,[49m[43m [49m[43mis_text[49m[43m=[49m[38;5;28;43;01mFalse[39;49;00m
[32m    565[39m [43m    [49m[43m)[49m
[32m    567[39m [38;5;28;01mif[39;00m [38;5;28misinstance[39m([38;5;28mself[39m.handles.handle, [38;5;28mself[39m._workbook_class):
[32m    568[39m     [38;5;28mself[39m.book = [38;5;28mself[39m.handles.handle

[36mFile [39m[32m~/.local/lib/python3.12/site-packages/pandas/io/common.py:882[39m, in [36mget_handle[39m[34m(path_or_buf, mode, encoding, compression, memory_map, is_text, errors, storage_options)[39m
[32m    873[39m         handle = [38;5;28mopen[39m(
[32m    874[39m             handle,
[32m    875[39m             ioargs.mode,
[32m   (...)[39m[32m    878[39m             newline=[33m"[39m[33m"[39m,
[32m    879[39m         )
[32m    880[39m     [38;5;28;01melse[39;00m:
[32m    881[39m         [38;5;66;03m# Binary mode[39;00m
[32m--> [39m[32m882[39m         handle = [38;5;28;43mopen[39;49m[43m([49m[43mhandle[49m[43m,[49m[43m [49m[43mioargs[49m[43m.[49m[43mmode[49m[43m)[49m
[32m    883[39m     handles.append(handle)
[32m    885[39m [38;5;66;03m# Convert BytesIO or file objects passed with an encoding[39;00m

[31mFileNotFoundError[39m: [Errno 2] No such file or directory: 'pta_word_frequency.xlsx'

